MPLINK 5.09, LINKER
Linker Map File - Created Wed Sep 22 20:19:31 2021

                                 Section Info
                  Section       Type    Address   Location Size(Bytes)
                ---------  ---------  ---------  ---------  ---------
                   .org_0       code   0x000000    program   0x0001c2
                   .cinit    romdata   0x0000e1    program   0x000004



                              Program Memory Usage 
                               Start         End      
                           ---------   ---------      
                            0x000000    0x0000e2      
            227 out of 8454 program addresses used, program memory utilization is 2%



                              Symbols - Sorted by Name
                     Name    Address   Location    Storage File                     
                ---------  ---------  ---------  --------- ---------                
                  adcloop   0x00003a    program     static F:\University Works\3 RD Year\5 th Semester\EE322 Embedded Systems Design\Project\G07_Automated_Cooling_System\EE322_Embedded Syetems_Project_G07.X\G07_Automated_Cooling_System.asm
               comparison   0x000089    program     static F:\University Works\3 RD Year\5 th Semester\EE322 Embedded Systems Design\Project\G07_Automated_Cooling_System\EE322_Embedded Syetems_Project_G07.X\G07_Automated_Cooling_System.asm
              comparison1   0x000091    program     static F:\University Works\3 RD Year\5 th Semester\EE322 Embedded Systems Design\Project\G07_Automated_Cooling_System\EE322_Embedded Syetems_Project_G07.X\G07_Automated_Cooling_System.asm
              comparison2   0x000099    program     static F:\University Works\3 RD Year\5 th Semester\EE322 Embedded Systems Design\Project\G07_Automated_Cooling_System\EE322_Embedded Syetems_Project_G07.X\G07_Automated_Cooling_System.asm
              comparison3   0x0000a1    program     static F:\University Works\3 RD Year\5 th Semester\EE322 Embedded Systems Design\Project\G07_Automated_Cooling_System\EE322_Embedded Syetems_Project_G07.X\G07_Automated_Cooling_System.asm
              comparison4   0x0000a9    program     static F:\University Works\3 RD Year\5 th Semester\EE322 Embedded Systems Design\Project\G07_Automated_Cooling_System\EE322_Embedded Syetems_Project_G07.X\G07_Automated_Cooling_System.asm
              comparison5   0x0000b1    program     static F:\University Works\3 RD Year\5 th Semester\EE322 Embedded Systems Design\Project\G07_Automated_Cooling_System\EE322_Embedded Syetems_Project_G07.X\G07_Automated_Cooling_System.asm
                  delayms   0x0000b9    program     static F:\University Works\3 RD Year\5 th Semester\EE322 Embedded Systems Design\Project\G07_Automated_Cooling_System\EE322_Embedded Syetems_Project_G07.X\G07_Automated_Cooling_System.asm
                  delayus   0x0000b6    program     static F:\University Works\3 RD Year\5 th Semester\EE322 Embedded Systems Design\Project\G07_Automated_Cooling_System\EE322_Embedded Syetems_Project_G07.X\G07_Automated_Cooling_System.asm
               dutycycle0   0x0000db    program     static F:\University Works\3 RD Year\5 th Semester\EE322 Embedded Systems Design\Project\G07_Automated_Cooling_System\EE322_Embedded Syetems_Project_G07.X\G07_Automated_Cooling_System.asm
             dutycycle100   0x0000d5    program     static F:\University Works\3 RD Year\5 th Semester\EE322 Embedded Systems Design\Project\G07_Automated_Cooling_System\EE322_Embedded Syetems_Project_G07.X\G07_Automated_Cooling_System.asm
              dutycycle25   0x0000c3    program     static F:\University Works\3 RD Year\5 th Semester\EE322 Embedded Systems Design\Project\G07_Automated_Cooling_System\EE322_Embedded Syetems_Project_G07.X\G07_Automated_Cooling_System.asm
              dutycycle50   0x0000c9    program     static F:\University Works\3 RD Year\5 th Semester\EE322 Embedded Systems Design\Project\G07_Automated_Cooling_System\EE322_Embedded Syetems_Project_G07.X\G07_Automated_Cooling_System.asm
              dutycycle75   0x0000cf    program     static F:\University Works\3 RD Year\5 th Semester\EE322 Embedded Systems Design\Project\G07_Automated_Cooling_System\EE322_Embedded Syetems_Project_G07.X\G07_Automated_Cooling_System.asm
                   enable   0x0000be    program     static F:\University Works\3 RD Year\5 th Semester\EE322 Embedded Systems Design\Project\G07_Automated_Cooling_System\EE322_Embedded Syetems_Project_G07.X\G07_Automated_Cooling_System.asm
                  getones   0x00004f    program     static F:\University Works\3 RD Year\5 th Semester\EE322 Embedded Systems Design\Project\G07_Automated_Cooling_System\EE322_Embedded Syetems_Project_G07.X\G07_Automated_Cooling_System.asm
                  gettens   0x000045    program     static F:\University Works\3 RD Year\5 th Semester\EE322 Embedded Systems Design\Project\G07_Automated_Cooling_System\EE322_Embedded Syetems_Project_G07.X\G07_Automated_Cooling_System.asm
                     init   0x00005d    program     static F:\University Works\3 RD Year\5 th Semester\EE322 Embedded Systems Design\Project\G07_Automated_Cooling_System\EE322_Embedded Syetems_Project_G07.X\G07_Automated_Cooling_System.asm
                    line1   0x000074    program     static F:\University Works\3 RD Year\5 th Semester\EE322 Embedded Systems Design\Project\G07_Automated_Cooling_System\EE322_Embedded Syetems_Project_G07.X\G07_Automated_Cooling_System.asm
                 line1pt1   0x00007b    program     static F:\University Works\3 RD Year\5 th Semester\EE322 Embedded Systems Design\Project\G07_Automated_Cooling_System\EE322_Embedded Syetems_Project_G07.X\G07_Automated_Cooling_System.asm
                    line2   0x000082    program     static F:\University Works\3 RD Year\5 th Semester\EE322 Embedded Systems Design\Project\G07_Automated_Cooling_System\EE322_Embedded Syetems_Project_G07.X\G07_Automated_Cooling_System.asm
                     main   0x000038    program     static F:\University Works\3 RD Year\5 th Semester\EE322 Embedded Systems Design\Project\G07_Automated_Cooling_System\EE322_Embedded Syetems_Project_G07.X\G07_Automated_Cooling_System.asm
                    print   0x000071    program     static F:\University Works\3 RD Year\5 th Semester\EE322 Embedded Systems Design\Project\G07_Automated_Cooling_System\EE322_Embedded Syetems_Project_G07.X\G07_Automated_Cooling_System.asm
                    units   0x00006c    program     static F:\University Works\3 RD Year\5 th Semester\EE322 Embedded Systems Design\Project\G07_Automated_Cooling_System\EE322_Embedded Syetems_Project_G07.X\G07_Automated_Cooling_System.asm



                              Symbols - Sorted by Address
                     Name    Address   Location    Storage File                     
                ---------  ---------  ---------  --------- ---------                
                     main   0x000038    program     static F:\University Works\3 RD Year\5 th Semester\EE322 Embedded Systems Design\Project\G07_Automated_Cooling_System\EE322_Embedded Syetems_Project_G07.X\G07_Automated_Cooling_System.asm
                  adcloop   0x00003a    program     static F:\University Works\3 RD Year\5 th Semester\EE322 Embedded Systems Design\Project\G07_Automated_Cooling_System\EE322_Embedded Syetems_Project_G07.X\G07_Automated_Cooling_System.asm
                  gettens   0x000045    program     static F:\University Works\3 RD Year\5 th Semester\EE322 Embedded Systems Design\Project\G07_Automated_Cooling_System\EE322_Embedded Syetems_Project_G07.X\G07_Automated_Cooling_System.asm
                  getones   0x00004f    program     static F:\University Works\3 RD Year\5 th Semester\EE322 Embedded Systems Design\Project\G07_Automated_Cooling_System\EE322_Embedded Syetems_Project_G07.X\G07_Automated_Cooling_System.asm
                     init   0x00005d    program     static F:\University Works\3 RD Year\5 th Semester\EE322 Embedded Systems Design\Project\G07_Automated_Cooling_System\EE322_Embedded Syetems_Project_G07.X\G07_Automated_Cooling_System.asm
                    units   0x00006c    program     static F:\University Works\3 RD Year\5 th Semester\EE322 Embedded Systems Design\Project\G07_Automated_Cooling_System\EE322_Embedded Syetems_Project_G07.X\G07_Automated_Cooling_System.asm
                    print   0x000071    program     static F:\University Works\3 RD Year\5 th Semester\EE322 Embedded Systems Design\Project\G07_Automated_Cooling_System\EE322_Embedded Syetems_Project_G07.X\G07_Automated_Cooling_System.asm
                    line1   0x000074    program     static F:\University Works\3 RD Year\5 th Semester\EE322 Embedded Systems Design\Project\G07_Automated_Cooling_System\EE322_Embedded Syetems_Project_G07.X\G07_Automated_Cooling_System.asm
                 line1pt1   0x00007b    program     static F:\University Works\3 RD Year\5 th Semester\EE322 Embedded Systems Design\Project\G07_Automated_Cooling_System\EE322_Embedded Syetems_Project_G07.X\G07_Automated_Cooling_System.asm
                    line2   0x000082    program     static F:\University Works\3 RD Year\5 th Semester\EE322 Embedded Systems Design\Project\G07_Automated_Cooling_System\EE322_Embedded Syetems_Project_G07.X\G07_Automated_Cooling_System.asm
               comparison   0x000089    program     static F:\University Works\3 RD Year\5 th Semester\EE322 Embedded Systems Design\Project\G07_Automated_Cooling_System\EE322_Embedded Syetems_Project_G07.X\G07_Automated_Cooling_System.asm
              comparison1   0x000091    program     static F:\University Works\3 RD Year\5 th Semester\EE322 Embedded Systems Design\Project\G07_Automated_Cooling_System\EE322_Embedded Syetems_Project_G07.X\G07_Automated_Cooling_System.asm
              comparison2   0x000099    program     static F:\University Works\3 RD Year\5 th Semester\EE322 Embedded Systems Design\Project\G07_Automated_Cooling_System\EE322_Embedded Syetems_Project_G07.X\G07_Automated_Cooling_System.asm
              comparison3   0x0000a1    program     static F:\University Works\3 RD Year\5 th Semester\EE322 Embedded Systems Design\Project\G07_Automated_Cooling_System\EE322_Embedded Syetems_Project_G07.X\G07_Automated_Cooling_System.asm
              comparison4   0x0000a9    program     static F:\University Works\3 RD Year\5 th Semester\EE322 Embedded Systems Design\Project\G07_Automated_Cooling_System\EE322_Embedded Syetems_Project_G07.X\G07_Automated_Cooling_System.asm
              comparison5   0x0000b1    program     static F:\University Works\3 RD Year\5 th Semester\EE322 Embedded Systems Design\Project\G07_Automated_Cooling_System\EE322_Embedded Syetems_Project_G07.X\G07_Automated_Cooling_System.asm
                  delayus   0x0000b6    program     static F:\University Works\3 RD Year\5 th Semester\EE322 Embedded Systems Design\Project\G07_Automated_Cooling_System\EE322_Embedded Syetems_Project_G07.X\G07_Automated_Cooling_System.asm
                  delayms   0x0000b9    program     static F:\University Works\3 RD Year\5 th Semester\EE322 Embedded Systems Design\Project\G07_Automated_Cooling_System\EE322_Embedded Syetems_Project_G07.X\G07_Automated_Cooling_System.asm
                   enable   0x0000be    program     static F:\University Works\3 RD Year\5 th Semester\EE322 Embedded Systems Design\Project\G07_Automated_Cooling_System\EE322_Embedded Syetems_Project_G07.X\G07_Automated_Cooling_System.asm
              dutycycle25   0x0000c3    program     static F:\University Works\3 RD Year\5 th Semester\EE322 Embedded Systems Design\Project\G07_Automated_Cooling_System\EE322_Embedded Syetems_Project_G07.X\G07_Automated_Cooling_System.asm
              dutycycle50   0x0000c9    program     static F:\University Works\3 RD Year\5 th Semester\EE322 Embedded Systems Design\Project\G07_Automated_Cooling_System\EE322_Embedded Syetems_Project_G07.X\G07_Automated_Cooling_System.asm
              dutycycle75   0x0000cf    program     static F:\University Works\3 RD Year\5 th Semester\EE322 Embedded Systems Design\Project\G07_Automated_Cooling_System\EE322_Embedded Syetems_Project_G07.X\G07_Automated_Cooling_System.asm
             dutycycle100   0x0000d5    program     static F:\University Works\3 RD Year\5 th Semester\EE322 Embedded Systems Design\Project\G07_Automated_Cooling_System\EE322_Embedded Syetems_Project_G07.X\G07_Automated_Cooling_System.asm
               dutycycle0   0x0000db    program     static F:\University Works\3 RD Year\5 th Semester\EE322 Embedded Systems Design\Project\G07_Automated_Cooling_System\EE322_Embedded Syetems_Project_G07.X\G07_Automated_Cooling_System.asm


